* Create linalg alexnet
* Create linalg densenet121
/home/bernborgess/repos/rarog/tmp/densenet121.mlir:437:12: error: failed to legalize operation 'torch.operator' that was explicitly marked illegal: %897 = "torch.operator"(%896, %1, %3, %5, %7) <{name = "onnx.BatchNormalization"}> {torch.onnx.epsilon = 9.99999974E-6 : f32, torch.onnx.momentum = 0.899999976 : f32, torch.onnx.training_mode = 0 : si64} : (!torch.vtensor<[1,64,56,56],f32>, !torch.vtensor<[64],f32>, !torch.vtensor<[64],f32>, !torch.vtensor<[64],f32>, !torch.vtensor<[64],f32>) -> !torch.vtensor<[1,64,56,56],f32>
    %433 = torch.operator "onnx.BatchNormalization"(%432, %0, %1, %2, %3) {torch.onnx.epsilon = 9.99999974E-6 : f32, torch.onnx.momentum = 0.899999976 : f32, torch.onnx.training_mode = 0 : si64} : (!torch.vtensor<[1,64,56,56],f32>, !torch.vtensor<[64],f32>, !torch.vtensor<[64],f32>, !torch.vtensor<[64],f32>, !torch.vtensor<[64],f32>) -> !torch.vtensor<[1,64,56,56],f32> 
           ^
/home/bernborgess/repos/rarog/tmp/densenet121.mlir:437:12: note: see current operation: %897 = "torch.operator"(%896, %1, %3, %5, %7) <{name = "onnx.BatchNormalization"}> {torch.onnx.epsilon = 9.99999974E-6 : f32, torch.onnx.momentum = 0.899999976 : f32, torch.onnx.training_mode = 0 : si64} : (!torch.vtensor<[1,64,56,56],f32>, !torch.vtensor<[64],f32>, !torch.vtensor<[64],f32>, !torch.vtensor<[64],f32>, !torch.vtensor<[64],f32>) -> !torch.vtensor<[1,64,56,56],f32>
* Create linalg densenet161
/home/bernborgess/repos/rarog/tmp/densenet161.mlir:577:12: error: failed to legalize operation 'torch.operator' that was explicitly marked illegal: %1177 = "torch.operator"(%1176, %1, %3, %5, %7) <{name = "onnx.BatchNormalization"}> {torch.onnx.epsilon = 9.99999974E-6 : f32, torch.onnx.momentum = 0.899999976 : f32, torch.onnx.training_mode = 0 : si64} : (!torch.vtensor<[1,96,56,56],f32>, !torch.vtensor<[96],f32>, !torch.vtensor<[96],f32>, !torch.vtensor<[96],f32>, !torch.vtensor<[96],f32>) -> !torch.vtensor<[1,96,56,56],f32>
    %573 = torch.operator "onnx.BatchNormalization"(%572, %0, %1, %2, %3) {torch.onnx.epsilon = 9.99999974E-6 : f32, torch.onnx.momentum = 0.899999976 : f32, torch.onnx.training_mode = 0 : si64} : (!torch.vtensor<[1,96,56,56],f32>, !torch.vtensor<[96],f32>, !torch.vtensor<[96],f32>, !torch.vtensor<[96],f32>, !torch.vtensor<[96],f32>) -> !torch.vtensor<[1,96,56,56],f32> 
           ^
/home/bernborgess/repos/rarog/tmp/densenet161.mlir:577:12: note: see current operation: %1177 = "torch.operator"(%1176, %1, %3, %5, %7) <{name = "onnx.BatchNormalization"}> {torch.onnx.epsilon = 9.99999974E-6 : f32, torch.onnx.momentum = 0.899999976 : f32, torch.onnx.training_mode = 0 : si64} : (!torch.vtensor<[1,96,56,56],f32>, !torch.vtensor<[96],f32>, !torch.vtensor<[96],f32>, !torch.vtensor<[96],f32>, !torch.vtensor<[96],f32>) -> !torch.vtensor<[1,96,56,56],f32>
* Create linalg densenet169
/home/bernborgess/repos/rarog/tmp/densenet169.mlir:605:12: error: failed to legalize operation 'torch.operator' that was explicitly marked illegal: %1233 = "torch.operator"(%1232, %1, %3, %5, %7) <{name = "onnx.BatchNormalization"}> {torch.onnx.epsilon = 9.99999974E-6 : f32, torch.onnx.momentum = 0.899999976 : f32, torch.onnx.training_mode = 0 : si64} : (!torch.vtensor<[1,64,56,56],f32>, !torch.vtensor<[64],f32>, !torch.vtensor<[64],f32>, !torch.vtensor<[64],f32>, !torch.vtensor<[64],f32>) -> !torch.vtensor<[1,64,56,56],f32>
    %601 = torch.operator "onnx.BatchNormalization"(%600, %0, %1, %2, %3) {torch.onnx.epsilon = 9.99999974E-6 : f32, torch.onnx.momentum = 0.899999976 : f32, torch.onnx.training_mode = 0 : si64} : (!torch.vtensor<[1,64,56,56],f32>, !torch.vtensor<[64],f32>, !torch.vtensor<[64],f32>, !torch.vtensor<[64],f32>, !torch.vtensor<[64],f32>) -> !torch.vtensor<[1,64,56,56],f32> 
           ^
/home/bernborgess/repos/rarog/tmp/densenet169.mlir:605:12: note: see current operation: %1233 = "torch.operator"(%1232, %1, %3, %5, %7) <{name = "onnx.BatchNormalization"}> {torch.onnx.epsilon = 9.99999974E-6 : f32, torch.onnx.momentum = 0.899999976 : f32, torch.onnx.training_mode = 0 : si64} : (!torch.vtensor<[1,64,56,56],f32>, !torch.vtensor<[64],f32>, !torch.vtensor<[64],f32>, !torch.vtensor<[64],f32>, !torch.vtensor<[64],f32>) -> !torch.vtensor<[1,64,56,56],f32>
* Create linalg densenet201
/home/bernborgess/repos/rarog/tmp/densenet201.mlir:717:12: error: failed to legalize operation 'torch.operator' that was explicitly marked illegal: %1457 = "torch.operator"(%1456, %1, %3, %5, %7) <{name = "onnx.BatchNormalization"}> {torch.onnx.epsilon = 9.99999974E-6 : f32, torch.onnx.momentum = 0.899999976 : f32, torch.onnx.training_mode = 0 : si64} : (!torch.vtensor<[1,64,56,56],f32>, !torch.vtensor<[64],f32>, !torch.vtensor<[64],f32>, !torch.vtensor<[64],f32>, !torch.vtensor<[64],f32>) -> !torch.vtensor<[1,64,56,56],f32>
    %713 = torch.operator "onnx.BatchNormalization"(%712, %0, %1, %2, %3) {torch.onnx.epsilon = 9.99999974E-6 : f32, torch.onnx.momentum = 0.899999976 : f32, torch.onnx.training_mode = 0 : si64} : (!torch.vtensor<[1,64,56,56],f32>, !torch.vtensor<[64],f32>, !torch.vtensor<[64],f32>, !torch.vtensor<[64],f32>, !torch.vtensor<[64],f32>) -> !torch.vtensor<[1,64,56,56],f32> 
           ^
/home/bernborgess/repos/rarog/tmp/densenet201.mlir:717:12: note: see current operation: %1457 = "torch.operator"(%1456, %1, %3, %5, %7) <{name = "onnx.BatchNormalization"}> {torch.onnx.epsilon = 9.99999974E-6 : f32, torch.onnx.momentum = 0.899999976 : f32, torch.onnx.training_mode = 0 : si64} : (!torch.vtensor<[1,64,56,56],f32>, !torch.vtensor<[64],f32>, !torch.vtensor<[64],f32>, !torch.vtensor<[64],f32>, !torch.vtensor<[64],f32>) -> !torch.vtensor<[1,64,56,56],f32>
* Create linalg googlenet
* Create linalg inception_v3
* Create linalg mnasnet1_0
* Create linalg mobilenet_v2
* Create linalg resnet101
* Create linalg resnet152
* Create linalg resnet18
* Create linalg resnet34
* Create linalg resnet50
* Create linalg shufflenet
* Create linalg squeezenet
* Create linalg vgg11
* Create linalg vgg13
/home/bernborgess/repos/rarog/tmp/vgg13.mlir:34:11: error: failed to legalize operation 'torch.operator' that was explicitly marked illegal: %91 = "torch.operator"(%90) <{name = "onnx.MaxPool"}> {torch.onnx.kernel_shape = [2 : si64, 2 : si64], torch.onnx.pads = [0 : si64, 0 : si64, 0 : si64, 0 : si64], torch.onnx.strides = [2 : si64, 2 : si64]} : (!torch.vtensor<[1,64,224,224],f32>) -> !torch.vtensor<[1,64,112,112],f32>
    %30 = torch.operator "onnx.MaxPool"(%29) {torch.onnx.kernel_shape = [2 : si64, 2 : si64], torch.onnx.pads = [0 : si64, 0 : si64, 0 : si64, 0 : si64], torch.onnx.strides = [2 : si64, 2 : si64]} : (!torch.vtensor<[1,64,224,224],f32>) -> !torch.vtensor<[1,64,112,112],f32> 
          ^
/home/bernborgess/repos/rarog/tmp/vgg13.mlir:34:11: note: see current operation: %91 = "torch.operator"(%90) <{name = "onnx.MaxPool"}> {torch.onnx.kernel_shape = [2 : si64, 2 : si64], torch.onnx.pads = [0 : si64, 0 : si64, 0 : si64, 0 : si64], torch.onnx.strides = [2 : si64, 2 : si64]} : (!torch.vtensor<[1,64,224,224],f32>) -> !torch.vtensor<[1,64,112,112],f32>
* Create linalg vgg16
* Create linalg vgg19
